.. _arduino-ide: https://docs.espressif.com/projects/arduino-esp32/en/latest/installing.html#installing-using-arduino-ide
.. |arduino-ide| replace:: arduino

.. _platformio-ide: https://docs.espressif.com/projects/arduino-esp32/en/latest/installing.html#installing-using-platformio
.. |platformio-ide| replace:: platformio

.. _platformio-using: https://docs.platformio.org/en/latest/integration/ide/vscode.html#ide-vscode
.. |platformio-using| replace:: PlatformIO IDE for VSCode

.. _github-issue: https://github.com/Xinyuan-LilyGO/T-TWR/issues
.. |github-issue| replace:: GitHub Issue

.. _arduino-esp32: https://github.com/espressif/arduino-esp32/tree/2.0.5
.. |arduino-esp32| replace:: arduino-esp32 2.0.5

.. _RotaryEncoder: https://github.com/mathertel/RotaryEncoder/tree/1.5.3
.. |RotaryEncoder| replace:: RotaryEncoder 1.5.3

.. _OneButton: https://github.com/mathertel/OneButton/tree/2.0.3
.. |OneButton| replace:: OneButton 2.0.3

.. _U8g2_Arduino: https://github.com/olikraus/U8g2_Arduino/tree/1f654ff078f1bd9efe0eb1ae55b6051111ba6964
.. |U8g2_Arduino| replace:: U8g2 2.34.5

.. _ArduinoJson: https://github.com/bblanchon/ArduinoJson/tree/v6.19.4
.. |ArduinoJson| replace:: ArduinoJson 6.19.4